// Vitest Snapshot v1, https://vitest.dev/guide/snapshot.html

exports[`project > find variable locations 1`] = `
Map {
  {
    "init": {
      "id": "bar",
      "type": "Identifier",
    },
    "kind": "const",
    "loc": {
      "end": {
        "column": 28,
        "index": 68,
        "line": 3,
      },
      "start": {
        "column": 19,
        "index": 59,
        "line": 3,
      },
    },
    "name": "foo",
  } => {
    "fromExport": {
      "declarations": [
        {
          "init": {
            "type": "StringLiteral",
            "value": "bar",
          },
          "name": "bar",
        },
      ],
      "kind": "const",
      "loc": {
        "end": {
          "column": 30,
          "index": 31,
          "line": 2,
        },
        "start": {
          "column": 6,
          "index": 7,
          "line": 2,
        },
      },
      "subType": "VariableDeclaration",
      "type": "ExportNamedDeclaration",
    },
    "fromImport": {
      "imported": "bar",
      "isType": false,
      "loc": {
        "end": {
          "column": 18,
          "index": 19,
          "line": 2,
        },
        "start": {
          "column": 15,
          "index": 16,
          "line": 2,
        },
      },
      "local": "bar",
      "source": "./bar",
      "subType": "id",
      "type": "import",
    },
    "id": "bar",
    "importFile": "/src/bar.js",
    "type": "Identifier",
  },
  {
    "init": {
      "arguments": [
        {
          "type": "NumericLiteral",
          "value": 1,
        },
      ],
      "callee": "ref",
      "type": "CallExpression",
    },
    "kind": "const",
    "loc": {
      "end": {
        "column": 25,
        "index": 94,
        "line": 4,
      },
      "start": {
        "column": 12,
        "index": 81,
        "line": 4,
      },
    },
    "name": "foo2",
  } => {
    "arguments": [
      {
        "type": "NumericLiteral",
        "value": 1,
      },
    ],
    "callee": "ref",
    "calleeFrom": {
      "imported": "ref",
      "isType": false,
      "loc": {
        "end": {
          "column": 23,
          "index": 24,
          "line": 2,
        },
        "start": {
          "column": 20,
          "index": 21,
          "line": 2,
        },
      },
      "local": "ref",
      "source": "./bar",
      "subType": "id",
      "type": "import",
    },
    "type": "CallExpression",
  },
}
`;
